// Jest Snapshot v1, https://goo.gl/fbAQLP

exports[`ErrorPage should match snapshot 1`] = `
ShallowWrapper {
  "length": 1,
  Symbol(enzyme.__root__): [Circular],
  Symbol(enzyme.__unrendered__): <Unknown />,
  Symbol(enzyme.__renderer__): Object {
    "batchedUpdates": [Function],
    "getNode": [Function],
    "render": [Function],
    "simulateEvent": [Function],
    "unmount": [Function],
  },
  Symbol(enzyme.__node__): Object {
    "instance": null,
    "key": undefined,
    "nodeType": "host",
    "props": Object {
      "children": Array [
        <p
          className="sorry-text"
>
          Awkward
</p>,
        <p
          className="message"
>
          Something went wrong on our end. 
          <br />
           Sorry about that...
</p>,
        <NavLink
          activeClassName="active"
          ariaCurrent="true"
          to="/"
>
          <p>
                    Go back
          </p>
</NavLink>,
      ],
    },
    "ref": null,
    "rendered": Array [
      Object {
        "instance": null,
        "key": undefined,
        "nodeType": "host",
        "props": Object {
          "children": "Awkward",
          "className": "sorry-text",
        },
        "ref": null,
        "rendered": "Awkward",
        "type": "p",
      },
      Object {
        "instance": null,
        "key": undefined,
        "nodeType": "host",
        "props": Object {
          "children": Array [
            "Something went wrong on our end. ",
            <br />,
            " Sorry about that...",
          ],
          "className": "message",
        },
        "ref": null,
        "rendered": Array [
          "Something went wrong on our end. ",
          Object {
            "instance": null,
            "key": undefined,
            "nodeType": "host",
            "props": Object {},
            "ref": null,
            "rendered": null,
            "type": "br",
          },
          " Sorry about that...",
        ],
        "type": "p",
      },
      Object {
        "instance": null,
        "key": undefined,
        "nodeType": "function",
        "props": Object {
          "activeClassName": "active",
          "ariaCurrent": "true",
          "children": <p>
            Go back
</p>,
          "to": "/",
        },
        "ref": null,
        "rendered": Object {
          "instance": null,
          "key": undefined,
          "nodeType": "host",
          "props": Object {
            "children": "Go back",
          },
          "ref": null,
          "rendered": "Go back",
          "type": "p",
        },
        "type": [Function],
      },
    ],
    "type": "div",
  },
  Symbol(enzyme.__nodes__): Array [
    Object {
      "instance": null,
      "key": undefined,
      "nodeType": "host",
      "props": Object {
        "children": Array [
          <p
            className="sorry-text"
>
            Awkward
</p>,
          <p
            className="message"
>
            Something went wrong on our end. 
            <br />
             Sorry about that...
</p>,
          <NavLink
            activeClassName="active"
            ariaCurrent="true"
            to="/"
>
            <p>
                        Go back
            </p>
</NavLink>,
        ],
      },
      "ref": null,
      "rendered": Array [
        Object {
          "instance": null,
          "key": undefined,
          "nodeType": "host",
          "props": Object {
            "children": "Awkward",
            "className": "sorry-text",
          },
          "ref": null,
          "rendered": "Awkward",
          "type": "p",
        },
        Object {
          "instance": null,
          "key": undefined,
          "nodeType": "host",
          "props": Object {
            "children": Array [
              "Something went wrong on our end. ",
              <br />,
              " Sorry about that...",
            ],
            "className": "message",
          },
          "ref": null,
          "rendered": Array [
            "Something went wrong on our end. ",
            Object {
              "instance": null,
              "key": undefined,
              "nodeType": "host",
              "props": Object {},
              "ref": null,
              "rendered": null,
              "type": "br",
            },
            " Sorry about that...",
          ],
          "type": "p",
        },
        Object {
          "instance": null,
          "key": undefined,
          "nodeType": "function",
          "props": Object {
            "activeClassName": "active",
            "ariaCurrent": "true",
            "children": <p>
              Go back
</p>,
            "to": "/",
          },
          "ref": null,
          "rendered": Object {
            "instance": null,
            "key": undefined,
            "nodeType": "host",
            "props": Object {
              "children": "Go back",
            },
            "ref": null,
            "rendered": "Go back",
            "type": "p",
          },
          "type": [Function],
        },
      ],
      "type": "div",
    },
  ],
  Symbol(enzyme.__options__): Object {
    "adapter": ReactSixteenAdapter {
      "options": Object {
        "enableComponentDidUpdateOnSetState": true,
      },
    },
  },
}
`;
