// Jest Snapshot v1, https://goo.gl/fbAQLP

exports[`ClientProfile should match snapshot 1`] = `
ShallowWrapper {
  "length": 1,
  Symbol(enzyme.__root__): [Circular],
  Symbol(enzyme.__unrendered__): <ClientProfile
    client={
        Object {
            "name": "Tony",
          }
    }
/>,
  Symbol(enzyme.__renderer__): Object {
    "batchedUpdates": [Function],
    "getNode": [Function],
    "render": [Function],
    "simulateEvent": [Function],
    "unmount": [Function],
  },
  Symbol(enzyme.__node__): Object {
    "instance": null,
    "key": undefined,
    "nodeType": "host",
    "props": Object {
      "children": Array [
        undefined,
        <div
          className="header"
>
          <div
                    className="header-container"
          >
                    <p>
                              Tony
                    </p>
                    <img
                              alt="user profile picture"
                              className="profile-picture"
                              src={undefined}
                    />
                    <button
                              className="signout-button"
                              onClick={[Function]}
                    >
                              Sign Out
                    </button>
          </div>
</div>,
        <div
          className="problem"
>
          <div
                    className="problem-container"
          >
                    <p
                              className="section-title"
                    >
                              Heres your problem
                    </p>
                    <p
                              className="problem-title"
                    />
                    <p
                              className="problem-body"
                    />
                    <div
                              className="category-tags"
                    />
          </div>
</div>,
        <div
          className="stats"
>
          <div
                    className="stats-section"
          >
                    <p
                              className="section-title"
                    >
                              Heres whats happening
                    </p>
                    <div
                              className="stats-container"
                    >
                              <p
                                        className="stats-title"
                              >
                                        Nothing at this time :(
                              </p>
                    </div>
          </div>
</div>,
      ],
      "className": "frame-container",
    },
    "ref": null,
    "rendered": Array [
      undefined,
      Object {
        "instance": null,
        "key": undefined,
        "nodeType": "host",
        "props": Object {
          "children": <div
            className="header-container"
>
            <p>
                        Tony
            </p>
            <img
                        alt="user profile picture"
                        className="profile-picture"
                        src={undefined}
            />
            <button
                        className="signout-button"
                        onClick={[Function]}
            >
                        Sign Out
            </button>
</div>,
          "className": "header",
        },
        "ref": null,
        "rendered": Object {
          "instance": null,
          "key": undefined,
          "nodeType": "host",
          "props": Object {
            "children": Array [
              <p>
                Tony
</p>,
              <img
                alt="user profile picture"
                className="profile-picture"
                src={undefined}
/>,
              <button
                className="signout-button"
                onClick={[Function]}
>
                Sign Out
</button>,
            ],
            "className": "header-container",
          },
          "ref": null,
          "rendered": Array [
            Object {
              "instance": null,
              "key": undefined,
              "nodeType": "host",
              "props": Object {
                "children": "Tony",
              },
              "ref": null,
              "rendered": "Tony",
              "type": "p",
            },
            Object {
              "instance": null,
              "key": undefined,
              "nodeType": "host",
              "props": Object {
                "alt": "user profile picture",
                "className": "profile-picture",
                "src": undefined,
              },
              "ref": null,
              "rendered": null,
              "type": "img",
            },
            Object {
              "instance": null,
              "key": undefined,
              "nodeType": "host",
              "props": Object {
                "children": "Sign Out",
                "className": "signout-button",
                "onClick": [Function],
              },
              "ref": null,
              "rendered": "Sign Out",
              "type": "button",
            },
          ],
          "type": "div",
        },
        "type": "div",
      },
      Object {
        "instance": null,
        "key": undefined,
        "nodeType": "host",
        "props": Object {
          "children": <div
            className="problem-container"
>
            <p
                        className="section-title"
            >
                        Heres your problem
            </p>
            <p
                        className="problem-title"
            />
            <p
                        className="problem-body"
            />
            <div
                        className="category-tags"
            />
</div>,
          "className": "problem",
        },
        "ref": null,
        "rendered": Object {
          "instance": null,
          "key": undefined,
          "nodeType": "host",
          "props": Object {
            "children": Array [
              <p
                className="section-title"
>
                Heres your problem
</p>,
              <p
                className="problem-title"
/>,
              <p
                className="problem-body"
/>,
              <div
                className="category-tags"
/>,
            ],
            "className": "problem-container",
          },
          "ref": null,
          "rendered": Array [
            Object {
              "instance": null,
              "key": undefined,
              "nodeType": "host",
              "props": Object {
                "children": "Heres your problem",
                "className": "section-title",
              },
              "ref": null,
              "rendered": "Heres your problem",
              "type": "p",
            },
            Object {
              "instance": null,
              "key": undefined,
              "nodeType": "host",
              "props": Object {
                "children": "",
                "className": "problem-title",
              },
              "ref": null,
              "rendered": "",
              "type": "p",
            },
            Object {
              "instance": null,
              "key": undefined,
              "nodeType": "host",
              "props": Object {
                "children": "",
                "className": "problem-body",
              },
              "ref": null,
              "rendered": "",
              "type": "p",
            },
            Object {
              "instance": null,
              "key": undefined,
              "nodeType": "host",
              "props": Object {
                "children": "",
                "className": "category-tags",
              },
              "ref": null,
              "rendered": "",
              "type": "div",
            },
          ],
          "type": "div",
        },
        "type": "div",
      },
      Object {
        "instance": null,
        "key": undefined,
        "nodeType": "host",
        "props": Object {
          "children": <div
            className="stats-section"
>
            <p
                        className="section-title"
            >
                        Heres whats happening
            </p>
            <div
                        className="stats-container"
            >
                        <p
                                    className="stats-title"
                        >
                                    Nothing at this time :(
                        </p>
            </div>
</div>,
          "className": "stats",
        },
        "ref": null,
        "rendered": Object {
          "instance": null,
          "key": undefined,
          "nodeType": "host",
          "props": Object {
            "children": Array [
              <p
                className="section-title"
>
                Heres whats happening
</p>,
              <div
                className="stats-container"
>
                <p
                                className="stats-title"
                >
                                Nothing at this time :(
                </p>
</div>,
            ],
            "className": "stats-section",
          },
          "ref": null,
          "rendered": Array [
            Object {
              "instance": null,
              "key": undefined,
              "nodeType": "host",
              "props": Object {
                "children": "Heres whats happening",
                "className": "section-title",
              },
              "ref": null,
              "rendered": "Heres whats happening",
              "type": "p",
            },
            Object {
              "instance": null,
              "key": undefined,
              "nodeType": "host",
              "props": Object {
                "children": <p
                  className="stats-title"
>
                  Nothing at this time :(
</p>,
                "className": "stats-container",
              },
              "ref": null,
              "rendered": Object {
                "instance": null,
                "key": undefined,
                "nodeType": "host",
                "props": Object {
                  "children": "Nothing at this time :(",
                  "className": "stats-title",
                },
                "ref": null,
                "rendered": "Nothing at this time :(",
                "type": "p",
              },
              "type": "div",
            },
          ],
          "type": "div",
        },
        "type": "div",
      },
    ],
    "type": "div",
  },
  Symbol(enzyme.__nodes__): Array [
    Object {
      "instance": null,
      "key": undefined,
      "nodeType": "host",
      "props": Object {
        "children": Array [
          undefined,
          <div
            className="header"
>
            <div
                        className="header-container"
            >
                        <p>
                                    Tony
                        </p>
                        <img
                                    alt="user profile picture"
                                    className="profile-picture"
                                    src={undefined}
                        />
                        <button
                                    className="signout-button"
                                    onClick={[Function]}
                        >
                                    Sign Out
                        </button>
            </div>
</div>,
          <div
            className="problem"
>
            <div
                        className="problem-container"
            >
                        <p
                                    className="section-title"
                        >
                                    Heres your problem
                        </p>
                        <p
                                    className="problem-title"
                        />
                        <p
                                    className="problem-body"
                        />
                        <div
                                    className="category-tags"
                        />
            </div>
</div>,
          <div
            className="stats"
>
            <div
                        className="stats-section"
            >
                        <p
                                    className="section-title"
                        >
                                    Heres whats happening
                        </p>
                        <div
                                    className="stats-container"
                        >
                                    <p
                                                className="stats-title"
                                    >
                                                Nothing at this time :(
                                    </p>
                        </div>
            </div>
</div>,
        ],
        "className": "frame-container",
      },
      "ref": null,
      "rendered": Array [
        undefined,
        Object {
          "instance": null,
          "key": undefined,
          "nodeType": "host",
          "props": Object {
            "children": <div
              className="header-container"
>
              <p>
                            Tony
              </p>
              <img
                            alt="user profile picture"
                            className="profile-picture"
                            src={undefined}
              />
              <button
                            className="signout-button"
                            onClick={[Function]}
              >
                            Sign Out
              </button>
</div>,
            "className": "header",
          },
          "ref": null,
          "rendered": Object {
            "instance": null,
            "key": undefined,
            "nodeType": "host",
            "props": Object {
              "children": Array [
                <p>
                  Tony
</p>,
                <img
                  alt="user profile picture"
                  className="profile-picture"
                  src={undefined}
/>,
                <button
                  className="signout-button"
                  onClick={[Function]}
>
                  Sign Out
</button>,
              ],
              "className": "header-container",
            },
            "ref": null,
            "rendered": Array [
              Object {
                "instance": null,
                "key": undefined,
                "nodeType": "host",
                "props": Object {
                  "children": "Tony",
                },
                "ref": null,
                "rendered": "Tony",
                "type": "p",
              },
              Object {
                "instance": null,
                "key": undefined,
                "nodeType": "host",
                "props": Object {
                  "alt": "user profile picture",
                  "className": "profile-picture",
                  "src": undefined,
                },
                "ref": null,
                "rendered": null,
                "type": "img",
              },
              Object {
                "instance": null,
                "key": undefined,
                "nodeType": "host",
                "props": Object {
                  "children": "Sign Out",
                  "className": "signout-button",
                  "onClick": [Function],
                },
                "ref": null,
                "rendered": "Sign Out",
                "type": "button",
              },
            ],
            "type": "div",
          },
          "type": "div",
        },
        Object {
          "instance": null,
          "key": undefined,
          "nodeType": "host",
          "props": Object {
            "children": <div
              className="problem-container"
>
              <p
                            className="section-title"
              >
                            Heres your problem
              </p>
              <p
                            className="problem-title"
              />
              <p
                            className="problem-body"
              />
              <div
                            className="category-tags"
              />
</div>,
            "className": "problem",
          },
          "ref": null,
          "rendered": Object {
            "instance": null,
            "key": undefined,
            "nodeType": "host",
            "props": Object {
              "children": Array [
                <p
                  className="section-title"
>
                  Heres your problem
</p>,
                <p
                  className="problem-title"
/>,
                <p
                  className="problem-body"
/>,
                <div
                  className="category-tags"
/>,
              ],
              "className": "problem-container",
            },
            "ref": null,
            "rendered": Array [
              Object {
                "instance": null,
                "key": undefined,
                "nodeType": "host",
                "props": Object {
                  "children": "Heres your problem",
                  "className": "section-title",
                },
                "ref": null,
                "rendered": "Heres your problem",
                "type": "p",
              },
              Object {
                "instance": null,
                "key": undefined,
                "nodeType": "host",
                "props": Object {
                  "children": "",
                  "className": "problem-title",
                },
                "ref": null,
                "rendered": "",
                "type": "p",
              },
              Object {
                "instance": null,
                "key": undefined,
                "nodeType": "host",
                "props": Object {
                  "children": "",
                  "className": "problem-body",
                },
                "ref": null,
                "rendered": "",
                "type": "p",
              },
              Object {
                "instance": null,
                "key": undefined,
                "nodeType": "host",
                "props": Object {
                  "children": "",
                  "className": "category-tags",
                },
                "ref": null,
                "rendered": "",
                "type": "div",
              },
            ],
            "type": "div",
          },
          "type": "div",
        },
        Object {
          "instance": null,
          "key": undefined,
          "nodeType": "host",
          "props": Object {
            "children": <div
              className="stats-section"
>
              <p
                            className="section-title"
              >
                            Heres whats happening
              </p>
              <div
                            className="stats-container"
              >
                            <p
                                          className="stats-title"
                            >
                                          Nothing at this time :(
                            </p>
              </div>
</div>,
            "className": "stats",
          },
          "ref": null,
          "rendered": Object {
            "instance": null,
            "key": undefined,
            "nodeType": "host",
            "props": Object {
              "children": Array [
                <p
                  className="section-title"
>
                  Heres whats happening
</p>,
                <div
                  className="stats-container"
>
                  <p
                                    className="stats-title"
                  >
                                    Nothing at this time :(
                  </p>
</div>,
              ],
              "className": "stats-section",
            },
            "ref": null,
            "rendered": Array [
              Object {
                "instance": null,
                "key": undefined,
                "nodeType": "host",
                "props": Object {
                  "children": "Heres whats happening",
                  "className": "section-title",
                },
                "ref": null,
                "rendered": "Heres whats happening",
                "type": "p",
              },
              Object {
                "instance": null,
                "key": undefined,
                "nodeType": "host",
                "props": Object {
                  "children": <p
                    className="stats-title"
>
                    Nothing at this time :(
</p>,
                  "className": "stats-container",
                },
                "ref": null,
                "rendered": Object {
                  "instance": null,
                  "key": undefined,
                  "nodeType": "host",
                  "props": Object {
                    "children": "Nothing at this time :(",
                    "className": "stats-title",
                  },
                  "ref": null,
                  "rendered": "Nothing at this time :(",
                  "type": "p",
                },
                "type": "div",
              },
            ],
            "type": "div",
          },
          "type": "div",
        },
      ],
      "type": "div",
    },
  ],
  Symbol(enzyme.__options__): Object {
    "adapter": ReactSixteenAdapter {
      "options": Object {
        "enableComponentDidUpdateOnSetState": true,
      },
    },
  },
}
`;
