// Jest Snapshot v1, https://goo.gl/fbAQLP

exports[`DevClosedProjects should match snapshot 1`] = `
ShallowWrapper {
  "length": 1,
  Symbol(enzyme.__root__): [Circular],
  Symbol(enzyme.__unrendered__): <Unknown />,
  Symbol(enzyme.__renderer__): Object {
    "batchedUpdates": [Function],
    "getNode": [Function],
    "render": [Function],
    "simulateEvent": [Function],
    "unmount": [Function],
  },
  Symbol(enzyme.__node__): Object {
    "instance": null,
    "key": undefined,
    "nodeType": "host",
    "props": Object {
      "children": Array [
        <h1
          className="warning"
>
          UNDER CONSTRUCTION!
</h1>,
        <p
          className="blah"
>
          Yayyy thanks for clicking that link but... this isn't done yet. Probably because I'm sitting here making this message when I could be coding it... but whatever!
</p>,
        <NavLink
          activeClassName="active"
          ariaCurrent="true"
          to="/"
>
          Uhh... take me back to the start?
</NavLink>,
      ],
      "className": "under-construction",
    },
    "ref": null,
    "rendered": Array [
      Object {
        "instance": null,
        "key": undefined,
        "nodeType": "host",
        "props": Object {
          "children": "UNDER CONSTRUCTION!",
          "className": "warning",
        },
        "ref": null,
        "rendered": "UNDER CONSTRUCTION!",
        "type": "h1",
      },
      Object {
        "instance": null,
        "key": undefined,
        "nodeType": "host",
        "props": Object {
          "children": "Yayyy thanks for clicking that link but... this isn't done yet. Probably because I'm sitting here making this message when I could be coding it... but whatever!",
          "className": "blah",
        },
        "ref": null,
        "rendered": "Yayyy thanks for clicking that link but... this isn't done yet. Probably because I'm sitting here making this message when I could be coding it... but whatever!",
        "type": "p",
      },
      Object {
        "instance": null,
        "key": undefined,
        "nodeType": "function",
        "props": Object {
          "activeClassName": "active",
          "ariaCurrent": "true",
          "children": "Uhh... take me back to the start?",
          "to": "/",
        },
        "ref": null,
        "rendered": "Uhh... take me back to the start?",
        "type": [Function],
      },
    ],
    "type": "div",
  },
  Symbol(enzyme.__nodes__): Array [
    Object {
      "instance": null,
      "key": undefined,
      "nodeType": "host",
      "props": Object {
        "children": Array [
          <h1
            className="warning"
>
            UNDER CONSTRUCTION!
</h1>,
          <p
            className="blah"
>
            Yayyy thanks for clicking that link but... this isn't done yet. Probably because I'm sitting here making this message when I could be coding it... but whatever!
</p>,
          <NavLink
            activeClassName="active"
            ariaCurrent="true"
            to="/"
>
            Uhh... take me back to the start?
</NavLink>,
        ],
        "className": "under-construction",
      },
      "ref": null,
      "rendered": Array [
        Object {
          "instance": null,
          "key": undefined,
          "nodeType": "host",
          "props": Object {
            "children": "UNDER CONSTRUCTION!",
            "className": "warning",
          },
          "ref": null,
          "rendered": "UNDER CONSTRUCTION!",
          "type": "h1",
        },
        Object {
          "instance": null,
          "key": undefined,
          "nodeType": "host",
          "props": Object {
            "children": "Yayyy thanks for clicking that link but... this isn't done yet. Probably because I'm sitting here making this message when I could be coding it... but whatever!",
            "className": "blah",
          },
          "ref": null,
          "rendered": "Yayyy thanks for clicking that link but... this isn't done yet. Probably because I'm sitting here making this message when I could be coding it... but whatever!",
          "type": "p",
        },
        Object {
          "instance": null,
          "key": undefined,
          "nodeType": "function",
          "props": Object {
            "activeClassName": "active",
            "ariaCurrent": "true",
            "children": "Uhh... take me back to the start?",
            "to": "/",
          },
          "ref": null,
          "rendered": "Uhh... take me back to the start?",
          "type": [Function],
        },
      ],
      "type": "div",
    },
  ],
  Symbol(enzyme.__options__): Object {
    "adapter": ReactSixteenAdapter {
      "options": Object {
        "enableComponentDidUpdateOnSetState": true,
      },
    },
  },
}
`;
