// Jest Snapshot v1, https://goo.gl/fbAQLP

exports[`DevLogin should match snapshot 1`] = `
ShallowWrapper {
  "length": 1,
  Symbol(enzyme.__root__): [Circular],
  Symbol(enzyme.__unrendered__): <DevLogin
    dev={Object {}}
/>,
  Symbol(enzyme.__renderer__): Object {
    "batchedUpdates": [Function],
    "getNode": [Function],
    "render": [Function],
    "simulateEvent": [Function],
    "unmount": [Function],
  },
  Symbol(enzyme.__node__): Object {
    "instance": null,
    "key": undefined,
    "nodeType": "host",
    "props": Object {
      "children": Array [
        undefined,
        <p
          className="login-message"
>
          Please login
</p>,
        <button
          className="login-button-github"
          onClick={[Function]}
>
          Login with GitHub
</button>,
      ],
    },
    "ref": null,
    "rendered": Array [
      undefined,
      Object {
        "instance": null,
        "key": undefined,
        "nodeType": "host",
        "props": Object {
          "children": "Please login",
          "className": "login-message",
        },
        "ref": null,
        "rendered": "Please login",
        "type": "p",
      },
      Object {
        "instance": null,
        "key": undefined,
        "nodeType": "host",
        "props": Object {
          "children": "Login with GitHub",
          "className": "login-button-github",
          "onClick": [Function],
        },
        "ref": null,
        "rendered": "Login with GitHub",
        "type": "button",
      },
    ],
    "type": "div",
  },
  Symbol(enzyme.__nodes__): Array [
    Object {
      "instance": null,
      "key": undefined,
      "nodeType": "host",
      "props": Object {
        "children": Array [
          undefined,
          <p
            className="login-message"
>
            Please login
</p>,
          <button
            className="login-button-github"
            onClick={[Function]}
>
            Login with GitHub
</button>,
        ],
      },
      "ref": null,
      "rendered": Array [
        undefined,
        Object {
          "instance": null,
          "key": undefined,
          "nodeType": "host",
          "props": Object {
            "children": "Please login",
            "className": "login-message",
          },
          "ref": null,
          "rendered": "Please login",
          "type": "p",
        },
        Object {
          "instance": null,
          "key": undefined,
          "nodeType": "host",
          "props": Object {
            "children": "Login with GitHub",
            "className": "login-button-github",
            "onClick": [Function],
          },
          "ref": null,
          "rendered": "Login with GitHub",
          "type": "button",
        },
      ],
      "type": "div",
    },
  ],
  Symbol(enzyme.__options__): Object {
    "adapter": ReactSixteenAdapter {
      "options": Object {
        "enableComponentDidUpdateOnSetState": true,
      },
    },
  },
}
`;
